version https://git-lfs.github.com/spec/v1
oid sha256:c31175bda22862bfd62acc454d630d5f8102de2b0f097e5fe48296d8c8cb0cf9
size 11496
